java.nio.file.AccessDeniedException: C:\Users\kiera\OneDrive\Documents\git\BankProject\Project\.scala-build\.bloop\Project_9bd21df5f3-3399ca5438\bloop-internal-classes
  java.base@17.0.6/sun.nio.fs.WindowsFileSystemProvider.implDelete(WindowsFileSystemProvider.java:275)
  java.base@17.0.6/sun.nio.fs.AbstractFileSystemProvider.deleteIfExists(AbstractFileSystemProvider.java:110)
  java.base@17.0.6/java.nio.file.Files.deleteIfExists(Files.java:1191)
  os.remove$.apply(FileOps.scala:318)
  os.remove$.apply(FileOps.scala:312)
  os.remove$all$.apply$$anonfun$5(FileOps.scala:329)
  scala.runtime.function.JProcedure1.apply(JProcedure1.java:15)
  scala.runtime.function.JProcedure1.apply(JProcedure1.java:10)
  geny.Generator.foreach$$anonfun$1(Generator.scala:50)
  geny.Generator$Mapped.generate$$anonfun$4(Generator.scala:288)
  os.walk$stream$$anon$2$$anon$3.postVisitDirectory(ListOps.scala:271)
  os.walk$stream$$anon$2$$anon$3.postVisitDirectory(ListOps.scala:265)
  java.base@17.0.6/java.nio.file.Files.walkFileTree(Files.java:2828)
  os.walk$stream$$anon$2.generate(ListOps.scala:276)
  geny.Generator$Mapped.generate(Generator.scala:288)
  geny.Generator.foreach(Generator.scala:51)
  geny.Generator.foreach$(Generator.scala:33)
  geny.Generator$Mapped.foreach(Generator.scala:286)
  os.remove$all$.apply(FileOps.scala:329)
  scala.cli.commands.clean.Clean$.runCommand(Clean.scala:40)
  scala.cli.commands.clean.Clean$.runCommand(Clean.scala:18)
  scala.cli.commands.ScalaCommand.run(ScalaCommand.scala:401)
  scala.cli.commands.ScalaCommand.run(ScalaCommand.scala:382)
  caseapp.core.app.CaseApp.main(CaseApp.scala:166)
  scala.cli.commands.ScalaCommand.main(ScalaCommand.scala:367)
  caseapp.core.app.CommandsEntryPoint.main(CommandsEntryPoint.scala:370)
  scala.cli.ScalaCliCommands.main(ScalaCliCommands.scala:125)
  scala.cli.ScalaCli$.main0(ScalaCli.scala:320)
  scala.cli.ScalaCli$.main(ScalaCli.scala:124)
  scala.cli.ScalaCli.main(ScalaCli.scala)
